login as: vagrant
vagrant@192.167.10.76's password:
Welcome to Ubuntu 16.04.6 LTS (GNU/Linux 4.4.0-150-generic x86_64)

 * Documentation:  https://help.ubuntu.com
 * Management:     https://landscape.canonical.com
 * Support:        https://ubuntu.com/advantage

0 packages can be updated.
0 updates are security updates.


vagrant@dockertest2:~$ sudo su
root@dockertest2:/home/vagrant# echo "installing docker"
installing docker
root@dockertest2:/home/vagrant# apt-get update
Get:1 http://security.ubuntu.com/ubuntu xenial-security InRelease [109 k
Hit:2 http://archive.ubuntu.com/ubuntu xenial InRelease
Get:3 http://archive.ubuntu.com/ubuntu xenial-updates InRelease [109 kB]
Get:4 http://security.ubuntu.com/ubuntu xenial-security/main amd64 Packa kB]
Get:5 http://archive.ubuntu.com/ubuntu xenial-backports InRelease [107 k
Get:6 http://archive.ubuntu.com/ubuntu xenial-updates/main amd64 Package kB]
Get:7 http://security.ubuntu.com/ubuntu xenial-security/main i386 PackagkB]
Get:8 http://archive.ubuntu.com/ubuntu xenial-updates/main i386 Packages]
Get:9 http://security.ubuntu.com/ubuntu xenial-security/main Translation kB]
Get:10 http://archive.ubuntu.com/ubuntu xenial-updates/main Translation-kB]
Get:11 http://security.ubuntu.com/ubuntu xenial-security/universe amd64  [487 kB]
Get:12 http://archive.ubuntu.com/ubuntu xenial-updates/universe amd64 Pa793 kB]
Get:13 http://security.ubuntu.com/ubuntu xenial-security/universe i386 P[420 kB]
Get:14 http://archive.ubuntu.com/ubuntu xenial-updates/universe i386 Pac19 kB]
Get:15 http://security.ubuntu.com/ubuntu xenial-security/universe Transl [199 kB]
Get:16 http://security.ubuntu.com/ubuntu xenial-security/multiverse amd6es [5,728 B]
Get:17 http://archive.ubuntu.com/ubuntu xenial-updates/universe Translat331 kB]
Get:18 http://archive.ubuntu.com/ubuntu xenial-updates/multiverse amd64  [16.8 kB]
Get:19 http://security.ubuntu.com/ubuntu xenial-security/multiverse i386s [5,880 B]
Get:20 http://archive.ubuntu.com/ubuntu xenial-updates/multiverse i386 P[15.9 kB]
Get:21 http://security.ubuntu.com/ubuntu xenial-security/multiverse Tranen [2,708 B]
Get:22 http://archive.ubuntu.com/ubuntu xenial-updates/multiverse Transl [8,468 B]
Get:23 http://archive.ubuntu.com/ubuntu xenial-backports/universe amd64  [8,064 B]
Get:24 http://archive.ubuntu.com/ubuntu xenial-backports/universe i386 P[7,744 B]
Get:25 http://archive.ubuntu.com/ubuntu xenial-backports/universe Transl [4,328 B]
Fetched 7,611 kB in 7s (1,052 kB/s)
Reading package lists... Done
root@dockertest2:/home/vagrant# apt-get install -y \
>     apt-transport-https \
>     ca-certificates \
>     curl \
>     software-properties-common
Reading package lists... Done
Building dependency tree
Reading state information... Done
apt-transport-https is already the newest version (1.2.32).
ca-certificates is already the newest version (20170717~16.04.2).
Recommended packages:
  unattended-upgrades
The following packages will be upgraded:
  curl libcurl3-gnutls python3-software-properties software-properties-c
4 upgraded, 0 newly installed, 0 to remove and 135 not upgraded.
Need to get 352 kB of archives.
After this operation, 2,048 B of additional disk space will be used.
Get:1 http://archive.ubuntu.com/ubuntu xenial-updates/main amd64 curl am.0-1ubuntu2.14 [139 kB]
Get:2 http://archive.ubuntu.com/ubuntu xenial-updates/main amd64 libcurl amd64 7.47.0-1ubuntu2.14 [184 kB]
Get:3 http://archive.ubuntu.com/ubuntu xenial-updates/main amd64 softwarties-common all 0.96.20.9 [9,452 B]
Get:4 http://archive.ubuntu.com/ubuntu xenial-updates/main amd64 python3e-properties all 0.96.20.9 [20.1 kB]
Fetched 352 kB in 1s (225 kB/s)
(Reading database ... 38545 files and directories currently installed.)
Preparing to unpack .../curl_7.47.0-1ubuntu2.14_amd64.deb ...
Unpacking curl (7.47.0-1ubuntu2.14) over (7.47.0-1ubuntu2.13) ...
Preparing to unpack .../libcurl3-gnutls_7.47.0-1ubuntu2.14_amd64.deb ...
Unpacking libcurl3-gnutls:amd64 (7.47.0-1ubuntu2.14) over (7.47.0-1ubunt..
Preparing to unpack .../software-properties-common_0.96.20.9_all.deb ...
Unpacking software-properties-common (0.96.20.9) over (0.96.20.8) ...
Preparing to unpack .../python3-software-properties_0.96.20.9_all.deb ..
Unpacking python3-software-properties (0.96.20.9) over (0.96.20.8) ...
Processing triggers for man-db (2.7.5-1) ...
Processing triggers for libc-bin (2.23-0ubuntu11) ...
Processing triggers for dbus (1.10.6-1ubuntu3.4) ...
Setting up libcurl3-gnutls:amd64 (7.47.0-1ubuntu2.14) ...
Setting up curl (7.47.0-1ubuntu2.14) ...
Setting up python3-software-properties (0.96.20.9) ...
Setting up software-properties-common (0.96.20.9) ...
Processing triggers for libc-bin (2.23-0ubuntu11) ...
root@dockertest2:/home/vagrant# curl -fsSL https://download.docker.com/lntu/gpg | apt-key add -
OK
root@dockertest2:/home/vagrant# add-apt-repository \
>    "deb https://download.docker.com/linux/$(. /etc/os-release; echo "$
>    $(lsb_release -cs) \
>    stable"
root@dockertest2:/home/vagrant# apt-get update && apt-get install -y doc(apt-cache madison docker-ce | grep 17.03 | head -1 | awk '{print $3}')
Hit:1 http://archive.ubuntu.com/ubuntu xenial InRelease
Get:2 https://download.docker.com/linux/ubuntu xenial InRelease [66.2 kB
Hit:3 http://archive.ubuntu.com/ubuntu xenial-updates InRelease
Get:4 https://download.docker.com/linux/ubuntu xenial/stable amd64 Packa1 kB]
Hit:5 http://security.ubuntu.com/ubuntu xenial-security InRelease
Hit:6 http://archive.ubuntu.com/ubuntu xenial-backports InRelease
Fetched 79.3 kB in 0s (99.9 kB/s)
Reading package lists... Done
N: Skipping acquire of configured file 'stable/binary-i386/Packages' as ry 'https://download.docker.com/linux/ubuntu xenial InRelease' doesn't srchitecture 'i386'
Reading package lists... Done
Building dependency tree
Reading state information... Done
The following additional packages will be installed:
  aufs-tools cgroupfs-mount libltdl7
Suggested packages:
  mountall
The following NEW packages will be installed:
  aufs-tools cgroupfs-mount docker-ce libltdl7
0 upgraded, 4 newly installed, 0 to remove and 135 not upgraded.
Need to get 19.5 MB of archives.
After this operation, 89.4 MB of additional disk space will be used.
Get:1 http://archive.ubuntu.com/ubuntu xenial/universe amd64 aufs-tools 3.2+20130722-1.1ubuntu1 [92.9 kB]
Get:2 https://download.docker.com/linux/ubuntu xenial/stable amd64 docke64 17.03.3~ce-0~ubuntu-xenial [19.4 MB]
Get:3 http://archive.ubuntu.com/ubuntu xenial/universe amd64 cgroupfs-mo1.2 [4,970 B]
Get:4 http://archive.ubuntu.com/ubuntu xenial/main amd64 libltdl7 amd64 1 [38.3 kB]
Fetched 19.5 MB in 12s (1,622 kB/s)
Selecting previously unselected package aufs-tools.
(Reading database ... 38545 files and directories currently installed.)
Preparing to unpack .../aufs-tools_1%3a3.2+20130722-1.1ubuntu1_amd64.deb
Unpacking aufs-tools (1:3.2+20130722-1.1ubuntu1) ...
Selecting previously unselected package cgroupfs-mount.
Preparing to unpack .../cgroupfs-mount_1.2_all.deb ...
Unpacking cgroupfs-mount (1.2) ...
Selecting previously unselected package libltdl7:amd64.
Preparing to unpack .../libltdl7_2.4.6-0.1_amd64.deb ...
Unpacking libltdl7:amd64 (2.4.6-0.1) ...
Selecting previously unselected package docker-ce.
Preparing to unpack .../docker-ce_17.03.3~ce-0~ubuntu-xenial_amd64.deb .
Unpacking docker-ce (17.03.3~ce-0~ubuntu-xenial) ...
Processing triggers for libc-bin (2.23-0ubuntu11) ...
Processing triggers for man-db (2.7.5-1) ...
Processing triggers for ureadahead (0.100.0-19.1) ...
Processing triggers for systemd (229-4ubuntu21.21) ...
Setting up aufs-tools (1:3.2+20130722-1.1ubuntu1) ...
Setting up cgroupfs-mount (1.2) ...
Setting up libltdl7:amd64 (2.4.6-0.1) ...
Setting up docker-ce (17.03.3~ce-0~ubuntu-xenial) ...
Processing triggers for libc-bin (2.23-0ubuntu11) ...
Processing triggers for ureadahead (0.100.0-19.1) ...
Processing triggers for systemd (229-4ubuntu21.21) ...
root@dockertest2:/home/vagrant# ping 192.167.10.75
PING 192.167.10.75 (192.167.10.75) 56(84) bytes of data.
64 bytes from 192.167.10.75: icmp_seq=1 ttl=64 time=0.775 ms
64 bytes from 192.167.10.75: icmp_seq=2 ttl=64 time=1.09 ms
^C
--- 192.167.10.75 ping statistics ---
2 packets transmitted, 2 received, 0% packet loss, time 1006ms
rtt min/avg/max/mdev = 0.775/0.933/1.091/0.158 ms
root@dockertest2:/home/vagrant#
root@dockertest2:/home/vagrant#
root@dockertest2:/home/vagrant#
root@dockertest2:/home/vagrant#
root@dockertest2:/home/vagrant#     docker swarm join \
>     --token SWMTKN-1-05l2r1t4xexquo0qb35jtlmvw8zombwijsx7dklrvhahn4f32z6mt2nis044zlha34e5 \
>     192.167.10.75:2377
This node joined a swarm as a worker.
root@dockertest2:/home/vagrant#
root@dockertest2:/home/vagrant#
root@dockertest2:/home/vagrant# docker node ls
Error response from daemon: This node is not a swarm manager. Worker nod be used to view or modify cluster state. Please run this command on a mode or promote the current node to a manager.
root@dockertest2:/home/vagrant# docker swarm leave
Node left the swarm.
root@dockertest2:/home/vagrant#     docker swarm join \
>     --token SWMTKN-1-2puuz15qfqahcuzl4jimub21xr7z0nefuh8uc3m4wfepzel07quel3v0x0qg9v00j0ih \
>     192.167.10.75:2377
This node joined a swarm as a worker.
root@dockertest2:/home/vagrant# docker swarm leave
Node left the swarm.
root@dockertest2:/home/vagrant#
login as: vagrant
vagrant@192.167.10.76's password:
Welcome to Ubuntu 16.04.6 LTS (GNU/Linux 4.4.0-150-generic x86_64)

 * Documentation:  https://help.ubuntu.com
 * Management:     https://landscape.canonical.com
 * Support:        https://ubuntu.com/advantage

141 packages can be updated.
95 updates are security updates.


Last login: Thu Mar 26 02:51:13 2020 from 192.167.10.1
vagrant@dockertest2:~$ sudo su
root@dockertest2:/home/vagrant# cls
bash: cls: command not found
root@dockertest2:/home/vagrant#
root@dockertest2:/home/vagrant# ps -ef | grep dockerd
root      1232     1  0 08:16 ?        00:00:00 /usr/bin/dockerd -H fd://
root      2014  1996  0 08:18 pts/0    00:00:00 grep --color=auto dockerd
root@dockertest2:/home/vagrant# docker info | grep -i swarm
WARNING: No swap limit support
Swarm: inactive
root@dockertest2:/home/vagrant# ping -c2 192.167.10.75
PING 192.167.10.75 (192.167.10.75) 56(84) bytes of data.
64 bytes from 192.167.10.75: icmp_seq=1 ttl=64 time=0.507 ms
64 bytes from 192.167.10.75: icmp_seq=2 ttl=64 time=0.613 ms

--- 192.167.10.75 ping statistics ---
2 packets transmitted, 2 received, 0% packet loss, time 1001ms
rtt min/avg/max/mdev = 0.507/0.560/0.613/0.053 ms
root@dockertest2:/home/vagrant#     docker swarm join \
>     --token SWMTKN-1-2j330jd3vcup4kq04u6pktw2quzboucxggdv6d1751r7knso3o-eypqi8dzyzit9yn5pieu0cxi2 \
>     192.167.10.75:2377
This node joined a swarm as a worker.
root@dockertest2:/home/vagrant# docker service ls
Error response from daemon: This node is not a swarm manager. Worker nodes can't be used to view or modify cluster state. Please run this command on a manager node or promote the current node to a manager.
root@dockertest2:/home/vagrant# docker container ls
CONTAINER ID        IMAGE                                                                           COMMAND                  CREATED              STATUS              PORTS               NAMES
399b27bde439        nginx@sha256:abe5ce652eb78d9c793df34453fddde12bb4d93d9fbf2c363d0992726e4d2cad   "nginx -g 'daemon ..."   About a minute ago   Up About a minute   80/tcp              serene_raman.2.hqu9cgo6bo72kguga9esfjua3
root@dockertest2:/home/vagrant#
