root@dockertest:/home/vagrant# ps -ef | grep docker
root     14687     1  0 00:46 ?        00:00:16 /usr/bin/dockerd -H fd://
root     14696 14687  0 00:46 ?        00:00:06 docker-containerd -l unix:///var/run/docker/libcontainerd/docker-containerd.sock --metrics-interval=0 --start-timeout 2m --state-dir /var/run/docker/libcontainerd/containerd --shim docker-containerd-shim --runtime docker-runc
root     15666 15393  0 03:20 pts/1    00:00:00 grep --color=auto docker
root@dockertest:/home/vagrant# docker

Usage:  docker COMMAND

A self-sufficient runtime for containers

Options:
      --config string      Location of client config files (default "/root/.docker")
  -D, --debug              Enable debug mode
      --help               Print usage
  -H, --host list          Daemon socket(s) to connect to (default [])
  -l, --log-level string   Set the logging level ("debug", "info", "warn", "error", "fatal") (default "info")
      --tls                Use TLS; implied by --tlsverify
      --tlscacert string   Trust certs signed only by this CA (default "/root/.docker/ca.pem")
      --tlscert string     Path to TLS certificate file (default "/root/.docker/cert.pem")
      --tlskey string      Path to TLS key file (default "/root/.docker/key.pem")
      --tlsverify          Use TLS and verify the remote
  -v, --version            Print version information and quit

Management Commands:
  container   Manage containers
  image       Manage images
  network     Manage networks
  node        Manage Swarm nodes
  plugin      Manage plugins
  secret      Manage Docker secrets
  service     Manage services
  stack       Manage Docker stacks
  swarm       Manage Swarm
  system      Manage Docker
  volume      Manage volumes

Commands:
  attach      Attach to a running container
  build       Build an image from a Dockerfile
  commit      Create a new image from a container's changes
  cp          Copy files/folders between a container and the local filesystem
  create      Create a new container
  diff        Inspect changes to files or directories on a container's filesystem
  events      Get real time events from the server
  exec        Run a command in a running container
  export      Export a container's filesystem as a tar archive
  history     Show the history of an image
  images      List images
  import      Import the contents from a tarball to create a filesystem image
  info        Display system-wide information
  inspect     Return low-level information on Docker objects
  kill        Kill one or more running containers
  load        Load an image from a tar archive or STDIN
  login       Log in to a Docker registry
  logout      Log out from a Docker registry
  logs        Fetch the logs of a container
  pause       Pause all processes within one or more containers
  port        List port mappings or a specific mapping for the container
  ps          List containers
  pull        Pull an image or a repository from a registry
  push        Push an image or a repository to a registry
  rename      Rename a container
  restart     Restart one or more containers
  rm          Remove one or more containers
  rmi         Remove one or more images
  run         Run a command in a new container
  save        Save one or more images to a tar archive (streamed to STDOUT by default)
  search      Search the Docker Hub for images
  start       Start one or more stopped containers
  stats       Display a live stream of container(s) resource usage statistics
  stop        Stop one or more running containers
  tag         Create a tag TARGET_IMAGE that refers to SOURCE_IMAGE
  top         Display the running processes of a container
  unpause     Unpause all processes within one or more containers
  update      Update configuration of one or more containers
  version     Show the Docker version information
  wait        Block until one or more containers stop, then print their exit codes

Run 'docker COMMAND --help' for more information on a command.
root@dockertest:/home/vagrant#
root@dockertest:/home/vagrant# docker container ls
CONTAINER ID        IMAGE               COMMAND             CREATED             STATUS              PORTS               NAMES
root@dockertest:/home/vagrant# docker container run nginx
Unable to find image 'nginx:latest' locally
latest: Pulling from library/nginx
68ced04f60ab: Pull complete
28252775b295: Pull complete
a616aa3b0bf2: Pull complete
Digest: sha256:2539d4344dd18e1df02be842ffc435f8e1f699cfc55516e2cf2cb16b7a9aea0b
Status: Downloaded newer image for nginx:latest


root@dockertest:/home/vagrant#
root@dockertest:/home/vagrant#
root@dockertest:/home/vagrant# docker container ls
CONTAINER ID        IMAGE               COMMAND             CREATED             STATUS              PORTS               NAMES
root@dockertest:/home/vagrant# docker container ls -a
CONTAINER ID        IMAGE               COMMAND                  CREATED             STATUS                      PORTS               NAMES
3bbe6db41dee        nginx               "nginx -g 'daemon ..."   12 minutes ago      Exited (0) 59 seconds ago                       cranky_hawking
root@dockertest:/home/vagrant# docker container start cranky_hawking
cranky_hawking
root@dockertest:/home/vagrant# docker container ls
CONTAINER ID        IMAGE               COMMAND                  CREATED             STATUS              PORTS               NAMES
3bbe6db41dee        nginx               "nginx -g 'daemon ..."   13 minutes ago      Up 37 seconds       80/tcp              cranky_hawking
root@dockertest:/home/vagrant# docker container run -d nginx
adb98b046e11b37f3706f3bcea9f4a55c6750a27e356c82eb4dc772fbb470843
root@dockertest:/home/vagrant# docker container ls
CONTAINER ID        IMAGE               COMMAND                  CREATED             STATUS              PORTS               NAMES
adb98b046e11        nginx               "nginx -g 'daemon ..."   28 seconds ago      Up 26 seconds       80/tcp              vigilant_kalam
3bbe6db41dee        nginx               "nginx -g 'daemon ..."   15 minutes ago      Up 3 minutes        80/tcp              cranky_hawking
root@dockertest:/home/vagrant# echo adb98b046e11b37f3706f3bcea9f4a55c6750a27e356c82eb4dc772fbb470843 | wc -c
65
root@dockertest:/home/vagrant# echo -n adb98b046e11b37f3706f3bcea9f4a55c6750a27e356c82eb4dc772fbb470843 | wc -c
64
root@dockertest:/home/vagrant#

root@dockertest:/home/vagrant# ls -ltr /var/run/docker.sock
srw-rw---- 1 root docker 0 Mar 25 00:46 /var/run/docker.sock
root@dockertest:/home/vagrant# docker container ls
CONTAINER ID        IMAGE               COMMAND                  CREATED                                                STATUS              PORTS               NAMES
3bbe6db41dee        nginx               "nginx -g 'daemon ..."   6 minutes ago                                          Up 6 minutes        80/tcp              cranky_hawking
root@dockertest:/home/vagrant# docker container ls
CONTAINER ID        IMAGE               COMMAND                  CREATED             STATUS              PORTS               NAMES
3bbe6db41dee        nginx               "nginx -g 'daemon ..."   6 minutes ago       Up 6 minutes        80/tcp              cranky_hawking
root@dockertest:/home/vagrant# docker container ls
CONTAINER ID        IMAGE               COMMAND                  CREATED             STATUS              PORTS
3bbe6db41dee        nginx               "nginx -g 'daemon ..."   6 minutes ago       Up 6 minutes        80/tcp
root@dockertest:/home/vagrant# #docker container stop 3bbe6db41dee
root@dockertest:/home/vagrant# #docker container stop cranky_hawking
root@dockertest:/home/vagrant# docker container stop 3bb
3bb
root@dockertest:/home/vagrant#









----------------------------------------------------------------------------------------------------------------------------



root@dockertest:/home/vagrant# docker container rm adb98b046e11
Error response from daemon: You cannot remove a running container adb98b046e11b37f3706f3bcea9f4a55c6750a27e356c82eb4dc772fbb470843. Stop the container before attempting removal or use -f
root@dockertest:/home/vagrant# docker container rm -f adb98b046e11
adb98b046e11
root@dockertest:/home/vagrant# docker container ls
CONTAINER ID        IMAGE               COMMAND                  CREATED             STATUS              PORTS               NAMES
3bbe6db41dee        nginx               "nginx -g 'daemon ..."   34 minutes ago      Up 22 minutes       80/tcp              cranky_hawking
root@dockertest:/home/vagrant# docker container inspect 3bbe6db41dee
[
    {
        "Id": "3bbe6db41deea45c5a6d64deaa3f7642a7e71e08660ad05bf9106acfbe20765d",
        "Created": "2020-03-25T03:30:16.472477809Z",
        "Path": "nginx",
        "Args": [
            "-g",
            "daemon off;"
        ],
        "State": {
            "Status": "running",
            "Running": true,
            "Paused": false,
            "Restarting": false,
            "OOMKilled": false,
            "Dead": false,
            "Pid": 16001,
            "ExitCode": 0,
            "Error": "",
            "StartedAt": "2020-03-25T03:43:11.864086225Z",
            "FinishedAt": "2020-03-25T03:41:22.671853744Z"
        },
        "Image": "sha256:6678c7c2e56c970388f8d5a398aa30f2ab60e85f20165e101053c3d3a11e6663",
        "ResolvConfPath": "/var/lib/docker/containers/3bbe6db41deea45c5a6d64deaa3f7642a7e71e08660ad05bf9106acfbe20765d/resolv.conf",
        "HostnamePath": "/var/lib/docker/containers/3bbe6db41deea45c5a6d64deaa3f7642a7e71e08660ad05bf9106acfbe20765d/hostname",
        "HostsPath": "/var/lib/docker/containers/3bbe6db41deea45c5a6d64deaa3f7642a7e71e08660ad05bf9106acfbe20765d/hosts",
        "LogPath": "/var/lib/docker/containers/3bbe6db41deea45c5a6d64deaa3f7642a7e71e08660ad05bf9106acfbe20765d/3bbe6db41deea45c5a6d64deaa3f7642a7e71e08660ad05bf9106acfbe20765d-json.log",
        "Name": "/cranky_hawking",
        "RestartCount": 0,
        "Driver": "aufs",
        "MountLabel": "",
        "ProcessLabel": "",
        "AppArmorProfile": "",
        "ExecIDs": null,
        "HostConfig": {
            "Binds": null,
            "ContainerIDFile": "",
            "LogConfig": {
                "Type": "json-file",
                "Config": {}
            },
            "NetworkMode": "default",
            "PortBindings": {},
            "RestartPolicy": {
                "Name": "no",
                "MaximumRetryCount": 0
            },
            "AutoRemove": false,
            "VolumeDriver": "",
            "VolumesFrom": null,
            "CapAdd": null,
            "CapDrop": null,
            "Dns": [],
            "DnsOptions": [],
            "DnsSearch": [],
            "ExtraHosts": null,
            "GroupAdd": null,
            "IpcMode": "",
            "Cgroup": "",
            "Links": null,
            "OomScoreAdj": 0,
            "PidMode": "",
            "Privileged": false,
            "PublishAllPorts": false,
            "ReadonlyRootfs": false,
            "SecurityOpt": null,
            "UTSMode": "",
            "UsernsMode": "",
            "ShmSize": 67108864,
            "Runtime": "runc",
            "ConsoleSize": [
                0,
                0
            ],
            "Isolation": "",
            "CpuShares": 0,
            "Memory": 0,
            "NanoCpus": 0,
            "CgroupParent": "",
            "BlkioWeight": 0,
            "BlkioWeightDevice": null,
            "BlkioDeviceReadBps": null,
            "BlkioDeviceWriteBps": null,
            "BlkioDeviceReadIOps": null,
            "BlkioDeviceWriteIOps": null,
            "CpuPeriod": 0,
            "CpuQuota": 0,
            "CpuRealtimePeriod": 0,
            "CpuRealtimeRuntime": 0,
            "CpusetCpus": "",
            "CpusetMems": "",
            "Devices": [],
            "DiskQuota": 0,
            "KernelMemory": 0,
            "MemoryReservation": 0,
            "MemorySwap": 0,
            "MemorySwappiness": -1,
            "OomKillDisable": false,
            "PidsLimit": 0,
            "Ulimits": null,
            "CpuCount": 0,
            "CpuPercent": 0,
            "IOMaximumIOps": 0,
            "IOMaximumBandwidth": 0
        },
        "GraphDriver": {
            "Name": "aufs",
            "Data": null
        },
        "Mounts": [],
        "Config": {
            "Hostname": "3bbe6db41dee",
            "Domainname": "",
            "User": "",
            "AttachStdin": false,
            "AttachStdout": true,
            "AttachStderr": true,
            "ExposedPorts": {
                "80/tcp": {}
            },
            "Tty": false,
            "OpenStdin": false,
            "StdinOnce": false,
            "Env": [
                "PATH=/usr/local/sbin:/usr/local/bin:/usr/sbin:/usr/bin:/sbin:/bin",
                "NGINX_VERSION=1.17.9",
                "NJS_VERSION=0.3.9",
                "PKG_RELEASE=1~buster"
            ],
            "Cmd": [
                "nginx",
                "-g",
                "daemon off;"
            ],
            "ArgsEscaped": true,
            "Image": "nginx",
            "Volumes": null,
            "WorkingDir": "",
            "Entrypoint": null,
            "OnBuild": null,
            "Labels": {
                "maintainer": "NGINX Docker Maintainers <docker-maint@nginx.com>"
            },
            "StopSignal": "SIGTERM"
        },
        "NetworkSettings": {
            "Bridge": "",
            "SandboxID": "1e1900d0fa1bd141e24dbfe2aa45e19847d8d45c084671448afc5b872b006b42",
            "HairpinMode": false,
            "LinkLocalIPv6Address": "",
            "LinkLocalIPv6PrefixLen": 0,
            "Ports": {
                "80/tcp": null
            },
            "SandboxKey": "/var/run/docker/netns/1e1900d0fa1b",
            "SecondaryIPAddresses": null,
            "SecondaryIPv6Addresses": null,
            "EndpointID": "21f4bc5705eefb4985b0aa6450bbe8abaaa07f7eefdeead5654dacda8ece3997",
            "Gateway": "172.17.0.1",
            "GlobalIPv6Address": "",
            "GlobalIPv6PrefixLen": 0,
            "IPAddress": "172.17.0.2",
            "IPPrefixLen": 16,
            "IPv6Gateway": "",
            "MacAddress": "02:42:ac:11:00:02",
            "Networks": {
                "bridge": {
                    "IPAMConfig": null,
                    "Links": null,
                    "Aliases": null,
                    "NetworkID": "46103c7e80ba16524e1dcb7cdd6687669facb442195c10becc9eea7127223e25",
                    "EndpointID": "21f4bc5705eefb4985b0aa6450bbe8abaaa07f7eefdeead5654dacda8ece3997",
                    "Gateway": "172.17.0.1",
                    "IPAddress": "172.17.0.2",
                    "IPPrefixLen": 16,
                    "IPv6Gateway": "",
                    "GlobalIPv6Address": "",
                    "GlobalIPv6PrefixLen": 0,
                    "MacAddress": "02:42:ac:11:00:02"
                }
            }
        }
    }
]
root@dockertest:/home/vagrant#
root@dockertest:/home/vagrant# ifconfig
docker0   Link encap:Ethernet  HWaddr 02:42:50:90:fa:2c
          inet addr:172.17.0.1  Bcast:0.0.0.0  Mask:255.255.0.0
          inet6 addr: fe80::42:50ff:fe90:fa2c/64 Scope:Link
          UP BROADCAST RUNNING MULTICAST  MTU:1500  Metric:1
          RX packets:32 errors:0 dropped:0 overruns:0 frame:0
          TX packets:12 errors:0 dropped:0 overruns:0 carrier:0
          collisions:0 txqueuelen:0
          RX bytes:2144 (2.1 KB)  TX bytes:1008 (1.0 KB)

eth0      Link encap:Ethernet  HWaddr 08:00:27:6b:c1:df
          inet addr:10.0.2.15  Bcast:10.0.2.255  Mask:255.255.255.0
          inet6 addr: fe80::a00:27ff:fe6b:c1df/64 Scope:Link
          UP BROADCAST RUNNING MULTICAST  MTU:1500  Metric:1
          RX packets:174342 errors:0 dropped:0 overruns:0 frame:0
          TX packets:78056 errors:0 dropped:0 overruns:0 carrier:0
          collisions:0 txqueuelen:1000
          RX bytes:143995063 (143.9 MB)  TX bytes:4863612 (4.8 MB)

eth1      Link encap:Ethernet  HWaddr 08:00:27:2e:a6:9a
          inet addr:192.167.10.75  Bcast:192.167.10.255  Mask:255.255.255.0
          inet6 addr: fe80::a00:27ff:fe2e:a69a/64 Scope:Link
          UP BROADCAST RUNNING MULTICAST  MTU:1500  Metric:1
          RX packets:2686 errors:0 dropped:0 overruns:0 frame:0
          TX packets:2441 errors:0 dropped:0 overruns:0 carrier:0
          collisions:0 txqueuelen:1000
          RX bytes:226908 (226.9 KB)  TX bytes:401953 (401.9 KB)

lo        Link encap:Local Loopback
          inet addr:127.0.0.1  Mask:255.0.0.0
          inet6 addr: ::1/128 Scope:Host
          UP LOOPBACK RUNNING  MTU:65536  Metric:1
          RX packets:64 errors:0 dropped:0 overruns:0 frame:0
          TX packets:64 errors:0 dropped:0 overruns:0 carrier:0
          collisions:0 txqueuelen:1
          RX bytes:5824 (5.8 KB)  TX bytes:5824 (5.8 KB)

vethdcea7bb Link encap:Ethernet  HWaddr 36:31:d1:68:cd:aa
          inet6 addr: fe80::3431:d1ff:fe68:cdaa/64 Scope:Link
          UP BROADCAST RUNNING MULTICAST  MTU:1500  Metric:1
          RX packets:8 errors:0 dropped:0 overruns:0 frame:0
          TX packets:18 errors:0 dropped:0 overruns:0 carrier:0
          collisions:0 txqueuelen:0
          RX bytes:648 (648.0 B)  TX bytes:1476 (1.4 KB)

root@dockertest:/home/vagrant# curl 172.17.0.2:80
<!DOCTYPE html>
<html>
<head>
<title>Welcome to nginx!</title>
<style>
    body {
        width: 35em;
        margin: 0 auto;
        font-family: Tahoma, Verdana, Arial, sans-serif;
    }
</style>
</head>
<body>
<h1>Welcome to nginx!</h1>
<p>If you see this page, the nginx web server is successfully installed and
working. Further configuration is required.</p>

<p>For online documentation and support please refer to
<a href="http://nginx.org/">nginx.org</a>.<br/>
Commercial support is available at
<a href="http://nginx.com/">nginx.com</a>.</p>

<p><em>Thank you for using nginx.</em></p>
</body>
</html>
root@dockertest:/home/vagrant# docker container run -d -p 9091:80 nginx
root@dockertest:/home/vagrant# docker container run -d -p 9091:80 nginx
f64d5bd36489f3660a7afea2adda3f2a86dd358cb2c36e4cc3434ff4c5894b3c
root@dockertest:/home/vagrant# docker container ls
CONTAINER ID        IMAGE               COMMAND                  CREATED             STATUS              PORTS                  NAMES
f64d5bd36489        nginx               "nginx -g 'daemon ..."   5 seconds ago       Up 4 seconds        0.0.0.0:9091->80/tcp   competent_bohr
3bbe6db41dee        nginx               "nginx -g 'daemon ..."   54 minutes ago      Up 41 minutes       80/tcp                 cranky_hawking
root@dockertest:/home/vagrant# docker container stop f64d5bd36489
f64d5bd36489
root@dockertest:/home/vagrant# docker container start f64d5bd36489
f64d5bd36489
root@dockertest:/home/vagrant# ps -ef | grep docker-proxy
root     16461 14687  0 04:27 ?        00:00:00 /usr/bin/docker-proxy -proto tcp                                                                   -host-ip 0.0.0.0 -host-port 9091 -container-ip 172.17.0.3 -container-port 80
root     16509 15393  0 04:27 pts/1    00:00:00 grep --color=auto docker-proxy
root@dockertest:/home/vagrant# docker container inspect f64d5bd36489 | grep -i i                                                                  paddress
            "SecondaryIPAddresses": null,
            "IPAddress": "172.17.0.3",
                    "IPAddress": "172.17.0.3",
root@dockertest:/home/vagrant# docker container inspect 3bb | grep -i ipaddress
            "SecondaryIPAddresses": null,
            "IPAddress": "172.17.0.2",
                    "IPAddress": "172.17.0.2",
root@dockertest:/home/vagrant# curl 172.17.0.2:80
<!DOCTYPE html>
<html>
<head>
<title>Welcome to nginx!</title>
<style>
    body {
        width: 35em;
        margin: 0 auto;
        font-family: Tahoma, Verdana, Arial, sans-serif;
    }
</style>
</head>
<body>
<h1>Welcome to nginx!</h1>
<p>If you see this page, the nginx web server is successfully installed and
working. Further configuration is required.</p>

<p>For online documentation and support please refer to
<a href="http://nginx.org/">nginx.org</a>.<br/>
Commercial support is available at
<a href="http://nginx.com/">nginx.com</a>.</p>

<p><em>Thank you for using nginx.</em></p>
</body>
</html>
root@dockertest:/home/vagrant# curl localhost:9091
<!DOCTYPE html>
<html>
<head>
<title>Welcome to nginx!</title>
<style>
    body {
        width: 35em;
        margin: 0 auto;
        font-family: Tahoma, Verdana, Arial, sans-serif;
    }
</style>
</head>
<body>
<h1>Welcome to nginx!</h1>
<p>If you see this page, the nginx web server is successfully installed and
working. Further configuration is required.</p>

<p>For online documentation and support please refer to
<a href="http://nginx.org/">nginx.org</a>.<br/>
Commercial support is available at
<a href="http://nginx.com/">nginx.com</a>.</p>

<p><em>Thank you for using nginx.</em></p>
</body>
</html>
root@dockertest:/home/vagrant#



---------------------------------------------------------------------------------

root@dockertest:/home/vagrant# docker container ls
CONTAINER ID        IMAGE               COMMAND                  CREATED             STATUS              PORTS                                                 NAMES
f64d5bd36489        nginx               "nginx -g 'daemon ..."   12 minutes ago      Up 9 minutes        0.0.0.0:90                               91->80/tcp   competent_bohr
root@dockertest:/home/vagrant# docker container exec f64d5bd36489 ls
bin
boot
dev
etc
home
lib
lib64
media
mnt
opt
proc
root
run
sbin
srv
sys
tmp
usr
var
root@dockertest:/home/vagrant# docker container exec f64d5bd36489 pwd
/
root@dockertest:/home/vagrant# ls /
bin   dev  home        lib    lost+found  mnt  proc  run   snap  sys  usr      var
boot  etc  initrd.img  lib64  media       opt  root  sbin  srv   tmp  vagrant  vmlinuz
root@dockertest:/home/vagrant# docker container exec f64d5bd36489 touch /tmp/f1.txt
root@dockertest:/home/vagrant# ls -ltr /tmp/f1.txt
ls: cannot access '/tmp/f1.txt': No such file or directory
root@dockertest:/home/vagrant# docker container exec f64d5bd36489 ls /tmp/f1.txt
/tmp/f1.txt
root@dockertest:/home/vagrant# docker container exec -it f64d5bd36489 sh
# hostname
f64d5bd36489
# ls
bin  boot  dev  etc  home  lib  lib64  media  mnt  opt  proc  root  run  sbin  srv  sys  tmp  usr  var
# ls /tmp/f1.txt
/tmp/f1.txt
# ps
sh: 4: ps: not found
# ping
sh: 5: ping: not found
# vi
sh: 6: vi: not found
# cat /etc/os*
PRETTY_NAME="Debian GNU/Linux 10 (buster)"
NAME="Debian GNU/Linux"
VERSION_ID="10"
VERSION="10 (buster)"
VERSION_CODENAME=buster
ID=debian
HOME_URL="https://www.debian.org/"
SUPPORT_URL="https://www.debian.org/support"
BUG_REPORT_URL="https://bugs.debian.org/"
# apt-get update
Get:1 http://security.debian.org/debian-security buster/updates InRelease [65.4 kB]
Get:2 http://deb.debian.org/debian buster InRelease [122 kB]
Get:3 http://deb.debian.org/debian buster-updates InRelease [49.3 kB]
Get:4 http://security.debian.org/debian-security buster/updates/main amd64 Packages [183 kB]
Get:5 http://deb.debian.org/debian buster/main amd64 Packages [7907 kB]
Get:6 http://deb.debian.org/debian buster-updates/main amd64 Packages [7380 B]
Fetched 8334 kB in 6s (1287 kB/s)
Reading package lists... Done
# apt-get install iputils-ping
Reading package lists... Done
Building dependency tree
Reading state information... Done
The following additional packages will be installed:
  libcap2 libcap2-bin libpam-cap
The following NEW packages will be installed:
  iputils-ping libcap2 libcap2-bin libpam-cap
0 upgraded, 4 newly installed, 0 to remove and 0 not upgraded.
Need to get 104 kB of archives.
After this operation, 315 kB of additional disk space will be used.
Do you want to continue? [Y/n] Y
Get:1 http://deb.debian.org/debian buster/main amd64 libcap2 amd64 1:2.25-2 [17.6 kB]
Get:2 http://deb.debian.org/debian buster/main amd64 iputils-ping amd64 3:20180629-2 [43.0 kB]
Get:3 http://deb.debian.org/debian buster/main amd64 libcap2-bin amd64 1:2.25-2 [28.8 kB]
Get:4 http://deb.debian.org/debian buster/main amd64 libpam-cap amd64 1:2.25-2 [14.3 kB]
Fetched 104 kB in 0s (256 kB/s)
debconf: delaying package configuration, since apt-utils is not installed
Selecting previously unselected package libcap2:amd64.
(Reading database ... 7203 files and directories currently installed.)
Preparing to unpack .../libcap2_1%3a2.25-2_amd64.deb ...
Unpacking libcap2:amd64 (1:2.25-2) ...
Selecting previously unselected package iputils-ping.
Preparing to unpack .../iputils-ping_3%3a20180629-2_amd64.deb ...
Unpacking iputils-ping (3:20180629-2) ...
Selecting previously unselected package libcap2-bin.
Preparing to unpack .../libcap2-bin_1%3a2.25-2_amd64.deb ...
Unpacking libcap2-bin (1:2.25-2) ...
Selecting previously unselected package libpam-cap:amd64.
Preparing to unpack .../libpam-cap_1%3a2.25-2_amd64.deb ...
Unpacking libpam-cap:amd64 (1:2.25-2) ...
Setting up libcap2:amd64 (1:2.25-2) ...
Setting up libcap2-bin (1:2.25-2) ...
Setting up libpam-cap:amd64 (1:2.25-2) ...
debconf: unable to initialize frontend: Dialog
debconf: (No usable dialog-like program is installed, so the dialog based frontend cannot be used. at /usr/share/perl5/Debconf/FrontEnd/Dialog.pm line 76.)
debconf: falling back to frontend: Readline
debconf: unable to initialize frontend: Readline
debconf: (Can't locate Term/ReadLine.pm in @INC (you may need to install the Term::ReadLine module) (@INC contains: /etc/perl /usr/local/lib/x86_64-linux-gnu/perl/5.28.1 /usr/local/share/perl/5.28.1 /usr/lib/x86_64-linux-gnu/perl5/5.28 /usr/share/perl5 /usr/lib/x86_64-linux-gnu/perl/5.28 /usr/share/perl/5.28 /usr/local/lib/site_perl /usr/lib/x86_64-linux-gnu/perl-base) at /usr/share/perl5/Debconf/FrontEnd/Readline.pm line 7.)
debconf: falling back to frontend: Teletype
Setting up iputils-ping (3:20180629-2) ...
Processing triggers for libc-bin (2.28-10) ...
# ping google.com
PING google.com (172.217.163.206) 56(84) bytes of data.
64 bytes from maa05s06-in-f14.1e100.net (172.217.163.206): icmp_seq=1 ttl=54 time=92.9 ms
64 bytes from maa05s06-in-f14.1e100.net (172.217.163.206): icmp_seq=2 ttl=54 time=11.3 ms
64 bytes from maa05s06-in-f14.1e100.net (172.217.163.206): icmp_seq=3 ttl=54 time=15.1 ms
^C
--- google.com ping statistics ---
3 packets transmitted, 3 received, 0% packet loss, time 200ms
rtt min/avg/max/mdev = 11.270/39.760/92.926/37.626 ms
# apt-get install proc-ps
Reading package lists... Done
Building dependency tree
Reading state information... Done
E: Unable to locate package proc-ps
# apt-get install procps
Reading package lists... Done
Building dependency tree
Reading state information... Done
The following additional packages will be installed:
  libgpm2 libncurses6 libprocps7 psmisc
Suggested packages:
  gpm
The following NEW packages will be installed:
  libgpm2 libncurses6 libprocps7 procps psmisc
0 upgraded, 5 newly installed, 0 to remove and 0 not upgraded.
Need to get 584 kB of archives.
After this operation, 1931 kB of additional disk space will be used.
Do you want to continue? [Y/n] Y
Get:1 http://deb.debian.org/debian buster/main amd64 libncurses6 amd64 6.1+20181013-2+deb10u2 [102 kB]
Get:2 http://deb.debian.org/debian buster/main amd64 libprocps7 amd64 2:3.3.15-2 [61.7 kB]
Get:3 http://deb.debian.org/debian buster/main amd64 procps amd64 2:3.3.15-2 [259 kB]
Get:4 http://deb.debian.org/debian buster/main amd64 libgpm2 amd64 1.20.7-5 [35.1 kB]
Get:5 http://deb.debian.org/debian buster/main amd64 psmisc amd64 23.2-1 [126 kB]
Fetched 584 kB in 1s (689 kB/s)
debconf: delaying package configuration, since apt-utils is not installed
Selecting previously unselected package libncurses6:amd64.
(Reading database ... 7243 files and directories currently installed.)
Preparing to unpack .../libncurses6_6.1+20181013-2+deb10u2_amd64.deb ...
Unpacking libncurses6:amd64 (6.1+20181013-2+deb10u2) ...
Selecting previously unselected package libprocps7:amd64.
Preparing to unpack .../libprocps7_2%3a3.3.15-2_amd64.deb ...
Unpacking libprocps7:amd64 (2:3.3.15-2) ...
Selecting previously unselected package procps.
Preparing to unpack .../procps_2%3a3.3.15-2_amd64.deb ...
Unpacking procps (2:3.3.15-2) ...
Selecting previously unselected package libgpm2:amd64.
Preparing to unpack .../libgpm2_1.20.7-5_amd64.deb ...
Unpacking libgpm2:amd64 (1.20.7-5) ...
Selecting previously unselected package psmisc.
Preparing to unpack .../psmisc_23.2-1_amd64.deb ...
Unpacking psmisc (23.2-1) ...
Setting up libgpm2:amd64 (1.20.7-5) ...
Setting up psmisc (23.2-1) ...
Setting up libprocps7:amd64 (2:3.3.15-2) ...
Setting up libncurses6:amd64 (6.1+20181013-2+deb10u2) ...
Setting up procps (2:3.3.15-2) ...
update-alternatives: using /usr/bin/w.procps to provide /usr/bin/w (w) in auto mode
update-alternatives: warning: skip creation of /usr/share/man/man1/w.1.gz because associated file /usr/share/man/man1/w.procps.1.gz (of link group w) doesn't exist
Processing triggers for libc-bin (2.28-10) ...
# ps
  PID TTY          TIME CMD
   25 ?        00:00:00 sh
  431 ?        00:00:00 ps
# ps -ef
UID        PID  PPID  C STIME TTY          TIME CMD
root         1     0  0 04:27 ?        00:00:00 nginx: master process nginx -g daemon off;
nginx        6     1  0 04:27 ?        00:00:00 nginx: worker process
root        25     0  0 04:44 ?        00:00:00 sh
root       432    25  0 04:50 ?        00:00:00 ps -ef
# exit
root@dockertest:/home/vagrant# docker container exec f64d5bd36489 ps -ef
UID        PID  PPID  C STIME TTY          TIME CMD
root         1     0  0 04:27 ?        00:00:00 nginx: master process nginx -g daemon off;
nginx        6     1  0 04:27 ?        00:00:00 nginx: worker process
root       433     0  0 04:50 ?        00:00:00 ps -ef
root@dockertest:/home/vagrant#







---------------------------------------------------------------------------------------------------------------------

root@dockertest:/home/vagrant# docker container ls
CONTAINER ID        IMAGE               COMMAND                  CREATED             STATUS              PORTS                  NAMES
f64d5bd36489        nginx               "nginx -g 'daemon ..."   About an hour ago   Up About an hour    0.0.0.0:9091->80/tcp   competent_bohr
root@dockertest:/home/vagrant# docker container stop f64d5bd36489
f64d5bd36489
root@dockertest:/home/vagrant# docker container start f64d5bd36489
f64d5bd36489
root@dockertest:/home/vagrant# docker container exec f64d5bd36489 ping -c2 google.com
PING google.com (172.217.163.206) 56(84) bytes of data.
64 bytes from maa05s06-in-f14.1e100.net (172.217.163.206): icmp_seq=1 ttl=54 time=15.9 ms
64 bytes from maa05s06-in-f14.1e100.net (172.217.163.206): icmp_seq=2 ttl=54 time=14.6 ms

--- google.com ping statistics ---
2 packets transmitted, 2 received, 0% packet loss, time 3ms
rtt min/avg/max/mdev = 14.558/15.229/15.901/0.682 ms
root@dockertest:/home/vagrant# docker container exec -it f64d5bd36489 sh
# bash
root@f64d5bd36489:/# cd /usr/share/nginx/html/
50x.html    index.html
root@f64d5bd36489:/# cd /usr/share/nginx/html/
root@f64d5bd36489:/usr/share/nginx/html# cat index.html
<!DOCTYPE html>
<html>
<head>
<title>Welcome to nginx!</title>
<style>
    body {
        width: 35em;
        margin: 0 auto;
        font-family: Tahoma, Verdana, Arial, sans-serif;
    }
</style>
</head>
<body>
<h1>Welcome to nginx!</h1>
<p>If you see this page, the nginx web server is successfully installed and
working. Further configuration is required.</p>

<p>For online documentation and support please refer to
<a href="http://nginx.org/">nginx.org</a>.<br/>
Commercial support is available at
<a href="http://nginx.com/">nginx.com</a>.</p>

<p><em>Thank you for using nginx.</em></p>
</body>
</html>
root@f64d5bd36489:/usr/share/nginx/html# vi index.html
bash: vi: command not found
root@f64d5bd36489:/usr/share/nginx/html# cat > index.html
<h1>My Product Code</h1>
^C
root@f64d5bd36489:/usr/share/nginx/html# cat index.html
<h1>My Product Code</h1>
root@f64d5bd36489:/usr/share/nginx/html# exit
exit
# exit
root@dockertest:/home/vagrant# docker container ls
CONTAINER ID        IMAGE               COMMAND                  CREATED             STATUS              PORTS                  NAMES
f64d5bd36489        nginx               "nginx -g 'daemon ..."   About an hour ago   Up 5 minutes        0.0.0.0:9091->80/tcp   competent_bohr
root@dockertest:/home/vagrant# docker container commit f64d5bd36489 mywebsite
sha256:5780686b1b22bc253464eb1af13ae070b10ed1693bece216a981c57a17defe27
root@dockertest:/home/vagrant# docker image ls
REPOSITORY          TAG                 IMAGE ID            CREATED              SIZE
mywebsite           latest              5780686b1b22        About a minute ago   148 MB
nginx               latest              6678c7c2e56c        2 weeks ago          127 MB
root@dockertest:/home/vagrant# docker container rm -f f64d5bd36489
f64d5bd36489
root@dockertest:/home/vagrant# docker container run -d -p 9095:80 mywebsite
0e30f15c24a1291807065c7d828bee33cf70ca49dc86f91291b3d928af18f578
root@dockertest:/home/vagrant# docker container ls
CONTAINER ID        IMAGE               COMMAND                  CREATED             STATUS              PORTS                  NAMES
0e30f15c24a1        mywebsite           "nginx -g 'daemon ..."   24 seconds ago      Up 22 seconds       0.0.0.0:9095->80/tcp   peaceful_engelbart
root@dockertest:/home/vagrant# docker container exec 0e30f15c24a1 ps -ef
UID        PID  PPID  C STIME TTY          TIME CMD
root         1     0  0 06:03 ?        00:00:00 nginx: master process nginx -g daemon off;
nginx        6     1  0 06:03 ?        00:00:00 nginx: worker process
root         7     0  0 06:04 ?        00:00:00 ps -ef
root@dockertest:/home/vagrant# docker container exec 0e30f15c24a1 ping -c2 google.com
PING google.com (172.217.163.206) 56(84) bytes of data.
64 bytes from maa05s06-in-f14.1e100.net (172.217.163.206): icmp_seq=1 ttl=54 time=16.3 ms
64 bytes from maa05s06-in-f14.1e100.net (172.217.163.206): icmp_seq=2 ttl=54 time=15.6 ms

--- google.com ping statistics ---
2 packets transmitted, 2 received, 0% packet loss, time 3ms
rtt min/avg/max/mdev = 15.570/15.952/16.334/0.382 ms
root@dockertest:/home/vagrant# docker image ls
REPOSITORY          TAG                 IMAGE ID            CREATED             SIZE
mywebsite           latest              5780686b1b22        10 minutes ago      148 MB
nginx               latest              6678c7c2e56c        2 weeks ago         127 MB
root@dockertest:/home/vagrant# docker image pull nginx
Using default tag: latest
latest: Pulling from library/nginx
Digest: sha256:2539d4344dd18e1df02be842ffc435f8e1f699cfc55516e2cf2cb16b7a9aea0b
Status: Image is up to date for nginx:latest
root@dockertest:/home/vagrant# docker image push mywebsite
The push refers to a repository [docker.io/library/mywebsite]
53aa81f59e55: Preparing
55a77731ed26: Preparing
71f2244bc14d: Preparing
f2cb0ecef392: Preparing
denied: requested access to the resource is denied
root@dockertest:/home/vagrant# docker image push adityaprabhakara/mywebsite
The push refers to a repository [docker.io/adityaprabhakara/mywebsite]
An image does not exist locally with the tag: adityaprabhakara/mywebsite
root@dockertest:/home/vagrant# #docker container commit f64d5bd36489 adityaprabhakara/mywebsite
root@dockertest:/home/vagrant# docker image tag mywebsite adityaprabhakara/mywebsite
root@dockertest:/home/vagrant# docker image ls
REPOSITORY                   TAG                 IMAGE ID            CREATED             SIZE
adityaprabhakara/mywebsite   latest              5780686b1b22        16 minutes ago      148 MB
mywebsite                    latest              5780686b1b22        16 minutes ago      148 MB
nginx                        latest              6678c7c2e56c        2 weeks ago         127 MB
root@dockertest:/home/vagrant# docker image push adityaprabhakara/mywebsite
The push refers to a repository [docker.io/adityaprabhakara/mywebsite]
53aa81f59e55: Preparing
55a77731ed26: Preparing
71f2244bc14d: Preparing
f2cb0ecef392: Preparing
denied: requested access to the resource is denied
root@dockertest:/home/vagrant# docker login
Login with your Docker ID to push and pull images from Docker Hub. If you don't have a Docker ID, head over to https://hub.docker.com to create one.
Username: adityaprabhakara
Password:
Login Succeeded
root@dockertest:/home/vagrant# docker image push adityaprabhakara/mywebsite
The push refers to a repository [docker.io/adityaprabhakara/mywebsite]
53aa81f59e55: Pushed
55a77731ed26: Pushed
71f2244bc14d: Pushed
f2cb0ecef392: Pushed
latest: digest: sha256:dff3d204acefe411d30f03c5f7146ad1101cd105db1262afbb853fce72203d84 size: 1160
root@dockertest:/home/vagrant# docker image ls
REPOSITORY                   TAG                 IMAGE ID            CREATED             SIZE
adityaprabhakara/mywebsite   latest              5780686b1b22        20 minutes ago      148 MB
mywebsite                    latest              5780686b1b22        20 minutes ago      148 MB
nginx                        latest              6678c7c2e56c        2 weeks ago         127 MB
root@dockertest:/home/vagrant# docker image pull nginx
Using default tag: latest
latest: Pulling from library/nginx
Digest: sha256:2539d4344dd18e1df02be842ffc435f8e1f699cfc55516e2cf2cb16b7a9aea0b
Status: Image is up to date for nginx:latest
root@dockertest:/home/vagrant#




-------------------------------------------------------------------------------------------------------------------------



root@dockertest:/home/vagrant# docker image ls
REPOSITORY                   TAG                 IMAGE ID            CREATED             SIZE
adityaprabhakara/mywebsite   latest              5780686b1b22        53 minutes ago      148 MB
mywebsite                    latest              5780686b1b22        53 minutes ago      148 MB
nginx                        latest              6678c7c2e56c        2 weeks ago         127 MB
root@dockertest:/home/vagrant#
root@dockertest:/home/vagrant# docker image history nginx
IMAGE               CREATED             CREATED BY                                      SIZE                COMMENT
6678c7c2e56c        2 weeks ago         /bin/sh -c #(nop)  CMD ["nginx" "-g" "daem...   0 B
<missing>           2 weeks ago         /bin/sh -c #(nop)  STOPSIGNAL SIGTERM           0 B
<missing>           2 weeks ago         /bin/sh -c #(nop)  EXPOSE 80                    0 B
<missing>           2 weeks ago         /bin/sh -c ln -sf /dev/stdout /var/log/ngi...   22 B
<missing>           2 weeks ago         /bin/sh -c set -x     && addgroup --system...   57.6 MB
<missing>           2 weeks ago         /bin/sh -c #(nop)  ENV PKG_RELEASE=1~buster     0 B
<missing>           2 weeks ago         /bin/sh -c #(nop)  ENV NJS_VERSION=0.3.9        0 B
<missing>           2 weeks ago         /bin/sh -c #(nop)  ENV NGINX_VERSION=1.17.9     0 B
<missing>           3 weeks ago         /bin/sh -c #(nop)  LABEL maintainer=NGINX ...   0 B
<missing>           4 weeks ago         /bin/sh -c #(nop)  CMD ["bash"]                 0 B
<missing>           4 weeks ago         /bin/sh -c #(nop) ADD file:e5a364615e0f696...   69.2 MB
root@dockertest:/home/vagrant# docker image ls
REPOSITORY                   TAG                 IMAGE ID            CREATED             SIZE
adityaprabhakara/mywebsite   latest              5780686b1b22        55 minutes ago      148 MB
mywebsite                    latest              5780686b1b22        55 minutes ago      148 MB
nginx                        latest              6678c7c2e56c        2 weeks ago         127 MB
root@dockertest:/home/vagrant# docker image history mywebsite
IMAGE               CREATED             CREATED BY                                      SIZE                COMMENT
5780686b1b22        59 minutes ago      nginx -g daemon off;                            20.8 MB
6678c7c2e56c        2 weeks ago         /bin/sh -c #(nop)  CMD ["nginx" "-g" "daem...   0 B
<missing>           2 weeks ago         /bin/sh -c #(nop)  STOPSIGNAL SIGTERM           0 B
<missing>           2 weeks ago         /bin/sh -c #(nop)  EXPOSE 80                    0 B
<missing>           2 weeks ago         /bin/sh -c ln -sf /dev/stdout /var/log/ngi...   22 B
<missing>           2 weeks ago         /bin/sh -c set -x     && addgroup --system...   57.6 MB
<missing>           2 weeks ago         /bin/sh -c #(nop)  ENV PKG_RELEASE=1~buster     0 B
<missing>           2 weeks ago         /bin/sh -c #(nop)  ENV NJS_VERSION=0.3.9        0 B
<missing>           2 weeks ago         /bin/sh -c #(nop)  ENV NGINX_VERSION=1.17.9     0 B
<missing>           3 weeks ago         /bin/sh -c #(nop)  LABEL maintainer=NGINX ...   0 B
<missing>           4 weeks ago         /bin/sh -c #(nop)  CMD ["bash"]                 0 B
<missing>           4 weeks ago         /bin/sh -c #(nop) ADD file:e5a364615e0f696...   69.2 MB
root@dockertest:/home/vagrant#
root@dockertest:/home/vagrant#
root@dockertest:/home/vagrant# docker image rm adityaprabhakara/mywebsite
Untagged: adityaprabhakara/mywebsite:latest
Untagged: adityaprabhakara/mywebsite@sha256:dff3d204acefe411d30f03c5f7146ad1101cd105db1262afbb853fce72203d84
root@dockertest:/home/vagrant# docker container ls
CONTAINER ID        IMAGE               COMMAND                  CREATED             STATUS              PORTS                  NAMES
0e30f15c24a1        mywebsite           "nginx -g 'daemon ..."   About an hour ago   Up About an hour    0.0.0.0:9095->80/tcp   peaceful_engelbart
root@dockertest:/home/vagrant# docker container rm -f 0e30f15c24a1
0e30f15c24a1
root@dockertest:/home/vagrant# docker image ls
REPOSITORY          TAG                 IMAGE ID            CREATED             SIZE
mywebsite           latest              5780686b1b22        About an hour ago   148 MB
nginx               latest              6678c7c2e56c        2 weeks ago         127 MB
root@dockertest:/home/vagrant# docker image rm mywebsite
Untagged: mywebsite:latest
Deleted: sha256:5780686b1b22bc253464eb1af13ae070b10ed1693bece216a981c57a17defe27
Deleted: sha256:8d0206dedea3fc498bb49a07aa3921c668654ebc6fb7a44e6b2dbcc4aae991bb
root@dockertest:/home/vagrant# docker image ls
REPOSITORY          TAG                 IMAGE ID            CREATED             SIZE
nginx               latest              6678c7c2e56c        2 weeks ago         127 MB
root@dockertest:/home/vagrant# docker image rm nginx
Untagged: nginx:latest
Untagged: nginx@sha256:2539d4344dd18e1df02be842ffc435f8e1f699cfc55516e2cf2cb16b7a9aea0b
Deleted: sha256:6678c7c2e56c970388f8d5a398aa30f2ab60e85f20165e101053c3d3a11e6663
Deleted: sha256:3105dd416ca73edaeedb5c15a853bc5aed51045a250cb544b0e936c94932dfcf
Deleted: sha256:1541955a517830d061b79f2b52b1aed297d81c009ce7766a15527979b6e719c4
Deleted: sha256:f2cb0ecef392f2a630fa1205b874ab2e2aedf96de04d0b8838e4e728e28142da
root@dockertest:/home/vagrant# docker image pull adityaprabhakara/mywebsite
Using default tag: latest
latest: Pulling from adityaprabhakara/mywebsite
ca69dd8ac171: Pull complete
c6ee9c992ad2: Pull complete
e0ee25f595fa: Pull complete
0a676c8a0293: Pull complete
Digest: sha256:dff3d204acefe411d30f03c5f7146ad1101cd105db1262afbb853fce72203d84
Status: Downloaded newer image for adityaprabhakara/mywebsite:latest
root@dockertest:/home/vagrant# docker image pull nginx
Using default tag: latest
latest: Pulling from library/nginx
68ced04f60ab: Already exists
28252775b295: Already exists
a616aa3b0bf2: Already exists
Digest: sha256:2539d4344dd18e1df02be842ffc435f8e1f699cfc55516e2cf2cb16b7a9aea0b
Status: Downloaded newer image for nginx:latest
root@dockertest:/home/vagrant# docker image ls
REPOSITORY                   TAG                 IMAGE ID            CREATED             SIZE
adityaprabhakara/mywebsite   latest              5780686b1b22        About an hour ago   148 MB
nginx                        latest              6678c7c2e56c        2 weeks ago         127 MB
root@dockertest:/home/vagrant# docker container run -d -p 9095:80 adityaprabhakara/mywebsite
e705b588087896444b857349eef05050aee3773e04b5782816a26e0145b82e1a
root@dockertest:/home/vagrant# docker container exec e705b588 touch /tmp/f2.txt
root@dockertest:/home/vagrant# docker container commit e705b588 adityaprabhakara/mywebsite:2
sha256:32c1f81631f81fe5ca7e9d655ce16a9c105edd45159006ad5f58ccd8e7ba4a4f
root@dockertest:/home/vagrant# docker image ls
REPOSITORY                   TAG                 IMAGE ID            CREATED             SIZE
adityaprabhakara/mywebsite   2                   32c1f81631f8        6 seconds ago       148 MB
adityaprabhakara/mywebsite   latest              5780686b1b22        About an hour ago   148 MB
nginx                        latest              6678c7c2e56c        2 weeks ago         127 MB
root@dockertest:/home/vagrant# docker container run -d -p 9096:80 adityaprabhakara/mywebsite:2
1c91508fc7f30158cbf65d8b11885a15d7ed2b7ef64fc663549faae35c44185b
root@dockertest:/home/vagrant#
